[malermeister-wild.de/index.html]
[backblue.gif]
[fade.gif]
[index.html]
[malermeister-wild.de/assets/css/fe4a8d393edc.css]
[malermeister-wild.de/assets/js/ea622770aef3.js]
[malermeister-wild.de/files/malermeister-wild/img/header-image.png]
[malermeister-wild.de/files/malermeister-wild/zertifikat.png]
[malermeister-wild.de/assets/images/3/zertifikat-aecb8383.png]
[malermeister-wild.de/files/malermeister-wild/email-footer.png]
[malermeister-wild.de/leistungsangebot/index.html]
[malermeister-wild.de/referenzen/index.html]
[malermeister-wild.de/kundenmeinungen/index.html]
[malermeister-wild.de/meisterstueck/index.html]
[malermeister-wild.de/assets/mootools/mediabox/1.4.6/js/mediabox.js]
[malermeister-wild.de/assets/contao/js/scheduler0d11.js]
[malermeister-wild.de/kontakt/index.html]
[malermeister-wild.de/datenschutz/index.html]
[malermeister-wild.de/index.html]
[malermeister-wild.de/impressum/index.html]
[malermeister-wild.de/assets/mootools/mediabox/1.4.6/images/80.png]
[malermeister-wild.de/assets/mootools/mediabox/1.4.6/images/loading.gif]
[malermeister-wild.de/files/malermeister-wild/img/gradient.png]
[malermeister-wild.de/files/malermeister-wild/img/pattern.png]
[malermeister-wild.de/files/malermeister-wild/img/logo-v3.png]
[malermeister-wild.de/files/malermeister-wild/img/pattern-footer.png]
[malermeister-wild.de/assets/font/lato-v14-latin-regular.eot]
[malermeister-wild.de/assets/font/lato-v14-latin-regulard41d.eot]
[malermeister-wild.de/assets/font/lato-v14-latin-regular.woff2]
[malermeister-wild.de/assets/font/lato-v14-latin-regular.woff]
[malermeister-wild.de/assets/font/lato-v14-latin-regular.ttf]
[malermeister-wild.de/assets/font/lato-v14-latin-regular.svg]
[malermeister-wild.de/assets/font/lato-v14-latin-italic.eot]
[malermeister-wild.de/assets/font/lato-v14-latin-italicd41d.eot]
[malermeister-wild.de/assets/font/lato-v14-latin-italic.woff2]
[malermeister-wild.de/assets/font/lato-v14-latin-italic.woff]
[malermeister-wild.de/assets/font/lato-v14-latin-italic.ttf]
[malermeister-wild.de/assets/font/lato-v14-latin-italic.svg]
[malermeister-wild.de/assets/font/lato-v14-latin-700.eot]
[malermeister-wild.de/assets/font/lato-v14-latin-700d41d.eot]
[malermeister-wild.de/assets/font/lato-v14-latin-700.woff2]
[malermeister-wild.de/assets/font/lato-v14-latin-700.woff]
[malermeister-wild.de/assets/font/lato-v14-latin-700.ttf]
[malermeister-wild.de/assets/font/lato-v14-latin-700.svg]
[malermeister-wild.de/assets/css/fe4a8d393edc.css]
[malermeister-wild.de/leistungsangebot/index.html]
[malermeister-wild.de/startseite/index.html]
[malermeister-wild.de/files/malermeister-wild/reference/image089.jpg]
[malermeister-wild.de/assets/images/a/image089-d69f9a3a.jpg]
[malermeister-wild.de/files/malermeister-wild/reference/image090.jpg]
[malermeister-wild.de/assets/images/7/image090-a03fd407.jpg]
[malermeister-wild.de/files/malermeister-wild/reference/image091.jpg]
[malermeister-wild.de/assets/images/4/image091-b554c8a4.jpg]
[malermeister-wild.de/files/malermeister-wild/reference/image087.jpg]
[malermeister-wild.de/assets/images/9/image087-46299199.jpg]
[malermeister-wild.de/files/malermeister-wild/reference/image088.jpg]
[malermeister-wild.de/assets/images/3/image088-937112c3.jpg]
[malermeister-wild.de/files/malermeister-wild/reference/image079.jpg]
[malermeister-wild.de/assets/images/1/image079-0c5e21b1.jpg]
[malermeister-wild.de/files/malermeister-wild/reference/image080.jpg]
[malermeister-wild.de/assets/images/4/image080-c2bf80e4.jpg]
[malermeister-wild.de/files/malermeister-wild/reference/image081.jpg]
[malermeister-wild.de/assets/images/8/image081-0cfd72b8.jpg]
[malermeister-wild.de/files/malermeister-wild/reference/image074.jpg]
[malermeister-wild.de/assets/images/7/image074-0a2ff5f7.jpg]
[malermeister-wild.de/files/malermeister-wild/reference/image075.jpg]
[malermeister-wild.de/assets/images/c/image075-b65d0b5c.jpg]
[malermeister-wild.de/files/malermeister-wild/reference/image076.jpg]
[malermeister-wild.de/assets/images/3/image076-1108d013.jpg]
[malermeister-wild.de/files/malermeister-wild/reference/image077.jpg]
[malermeister-wild.de/assets/images/5/image077-c6fe5b45.jpg]
[malermeister-wild.de/files/malermeister-wild/reference/image078.jpg]
[malermeister-wild.de/assets/images/9/image078-b28ef719.jpg]
[malermeister-wild.de/files/malermeister-wild/reference/image071.jpg]
[malermeister-wild.de/assets/images/d/image071-5eb68acd.jpg]
[malermeister-wild.de/files/malermeister-wild/reference/image072.jpg]
[malermeister-wild.de/assets/images/3/image072-d99e76b3.jpg]
[malermeister-wild.de/files/malermeister-wild/reference/image073.jpg]
[malermeister-wild.de/assets/images/0/image073-7cef5390.jpg]
[malermeister-wild.de/files/malermeister-wild/reference/image066.jpg]
[malermeister-wild.de/assets/images/d/image066-38c9f6fd.jpg]
[malermeister-wild.de/files/malermeister-wild/reference/image067.jpg]
[malermeister-wild.de/assets/images/9/image067.JPG-d3014af9.jpg]
[malermeister-wild.de/files/malermeister-wild/reference/image068.jpg]
[malermeister-wild.de/assets/images/8/image068.JPG-e3cd3748.jpg]
[malermeister-wild.de/files/malermeister-wild/reference/image069.jpg]
[malermeister-wild.de/assets/images/0/image069-1ae09690.jpg]
[malermeister-wild.de/files/malermeister-wild/reference/image070.jpg]
[malermeister-wild.de/assets/images/6/image070-4fd24f06.jpg]
[malermeister-wild.de/files/malermeister-wild/reference/image061.jpg]
[malermeister-wild.de/assets/images/b/image061-77d777cb.jpg]
[malermeister-wild.de/files/malermeister-wild/reference/image062.jpg]
[malermeister-wild.de/assets/images/4/image062-3ed24cc4.jpg]
[malermeister-wild.de/files/malermeister-wild/reference/image063.jpg]
[malermeister-wild.de/assets/images/3/image063-859b2333.jpg]
[malermeister-wild.de/files/malermeister-wild/reference/image064.jpg]
[malermeister-wild.de/assets/images/1/image064-254f8251.jpg]
[malermeister-wild.de/files/malermeister-wild/reference/image065.jpg]
[malermeister-wild.de/assets/images/4/image065-b79664d4.jpg]
[malermeister-wild.de/files/malermeister-wild/reference/image001.jpg]
[malermeister-wild.de/assets/images/0/image001-7a0c5a30.jpg]
[malermeister-wild.de/files/malermeister-wild/reference/image002.jpg]
[malermeister-wild.de/assets/images/9/image002-5cdd43e9.jpg]
[malermeister-wild.de/files/malermeister-wild/reference/image014.jpg]
[malermeister-wild.de/assets/images/6/image014-cecdd156.jpg]
[malermeister-wild.de/files/malermeister-wild/reference/image015.jpg]
[malermeister-wild.de/assets/images/a/image015-d188fbea.jpg]
[malermeister-wild.de/files/malermeister-wild/reference/image016.jpg]
[malermeister-wild.de/assets/images/2/image016-71184752.jpg]
[malermeister-wild.de/files/malermeister-wild/reference/image003.jpg]
[malermeister-wild.de/assets/images/5/image003-224b0615.jpg]
[malermeister-wild.de/files/malermeister-wild/reference/image004.jpg]
[malermeister-wild.de/assets/images/8/image004-e258af88.jpg]
[malermeister-wild.de/files/malermeister-wild/reference/image005.jpg]
[malermeister-wild.de/assets/images/6/image005-8dd76c56.jpg]
[malermeister-wild.de/files/malermeister-wild/reference/image006.jpg]
[malermeister-wild.de/files/malermeister-wild/reference/image009.jpg]
[malermeister-wild.de/assets/images/b/image009-e101f2cb.jpg]
[malermeister-wild.de/files/malermeister-wild/reference/image010.jpg]
[malermeister-wild.de/assets/images/b/image010-8a9be4eb.jpg]
[malermeister-wild.de/files/malermeister-wild/reference/image019.jpg]
[malermeister-wild.de/assets/images/a/image019-8a7e7f6a.jpg]
[malermeister-wild.de/files/malermeister-wild/reference/image020.jpg]
[malermeister-wild.de/assets/images/f/image020-f50bd65f.jpg]
[malermeister-wild.de/files/malermeister-wild/reference/image021.jpg]
[malermeister-wild.de/assets/images/f/image021-3e5d918f.jpg]
[malermeister-wild.de/files/malermeister-wild/reference/image024.jpg]
[malermeister-wild.de/assets/images/d/image024-39b08c3d.jpg]
[malermeister-wild.de/files/malermeister-wild/reference/image025.jpg]
[malermeister-wild.de/assets/images/7/image025-a1dcd627.jpg]
[malermeister-wild.de/files/malermeister-wild/reference/image026.jpg]
[malermeister-wild.de/assets/images/2/image026-4238a3f2.jpg]
[malermeister-wild.de/files/malermeister-wild/reference/image033.jpg]
[malermeister-wild.de/assets/images/2/image033-333b5932.jpg]
[malermeister-wild.de/files/malermeister-wild/reference/image035.jpg]
[malermeister-wild.de/assets/images/a/image035-8a4b664a.jpg]
[malermeister-wild.de/files/malermeister-wild/reference/image036.jpg]
[malermeister-wild.de/assets/images/f/image036-fa0e31df.jpg]
[malermeister-wild.de/files/malermeister-wild/reference/image037.jpg]
[malermeister-wild.de/assets/images/2/image037-f5032b12.jpg]
[malermeister-wild.de/files/malermeister-wild/reference/image038.jpg]
[malermeister-wild.de/assets/images/1/image038-109bf281.jpg]
[malermeister-wild.de/files/malermeister-wild/reference/image039.jpg]
[malermeister-wild.de/assets/images/f/image039-3c09586f.jpg]
[malermeister-wild.de/files/malermeister-wild/reference/image040.jpg]
[malermeister-wild.de/assets/images/2/image040-63f61662.jpg]
[malermeister-wild.de/files/malermeister-wild/reference/image042.jpg]
[malermeister-wild.de/assets/images/0/image042-6e2f9f10.jpg]
[malermeister-wild.de/files/malermeister-wild/reference/image043.jpg]
[malermeister-wild.de/assets/images/5/image043.JPG-c8623755.jpg]
[malermeister-wild.de/files/malermeister-wild/reference/image046.jpg]
[malermeister-wild.de/assets/images/9/image046-0bc3a799.jpg]
[malermeister-wild.de/files/malermeister-wild/reference/image053.jpg]
[malermeister-wild.de/assets/images/7/image053.JPG-9f562eb7.jpg]
[malermeister-wild.de/referenzen/index.html]
[malermeister-wild.de/kundenmeinungen/index.html]
[malermeister-wild.de/kundenmeinungen/index8816.html]
[malermeister-wild.de/files/malermeister-wild/reference/image049.jpg]
[malermeister-wild.de/assets/images/3/image049.JPG-620d8a93.jpg]
[malermeister-wild.de/files/malermeister-wild/reference/image050.jpg]
[malermeister-wild.de/assets/images/6/image050.JPG-b4162f76.jpg]
[malermeister-wild.de/files/malermeister-wild/reference/image051.jpg]
[malermeister-wild.de/assets/images/2/image051.JPG-746c2722.jpg]
[malermeister-wild.de/files/malermeister-wild/reference/image052.jpg]
[malermeister-wild.de/assets/images/5/image052.JPG-378ef455.jpg]
[malermeister-wild.de/files/malermeister-wild/reference/image054.jpg]
[malermeister-wild.de/assets/images/4/image054.JPG-20fe72a4.jpg]
[malermeister-wild.de/files/malermeister-wild/reference/image055.jpg]
[malermeister-wild.de/assets/images/7/image055.JPG-30798717.jpg]
[malermeister-wild.de/files/malermeister-wild/reference/image056.jpg]
[malermeister-wild.de/assets/images/2/image056-4795d662.jpg]
[malermeister-wild.de/files/malermeister-wild/reference/image057.jpg]
[malermeister-wild.de/assets/images/8/image057.JPG-940f4778.jpg]
[malermeister-wild.de/files/malermeister-wild/reference/image058.jpg]
[malermeister-wild.de/assets/images/e/image058.JPG-416ae84e.jpg]
[malermeister-wild.de/files/malermeister-wild/reference/image059.jpg]
[malermeister-wild.de/assets/images/7/image059.JPG-69913dc7.jpg]
[malermeister-wild.de/files/malermeister-wild/reference/image060.jpg]
[malermeister-wild.de/assets/images/0/image060.JPG-5b013a60.jpg]
[malermeister-wild.de/meisterstueck/index.html]
[malermeister-wild.de/files/malermeister-wild/email.png]
[malermeister-wild.de/kontakt/index.html]
[malermeister-wild.de/assets/images/d/sednasoft-14710dad.png]
[malermeister-wild.de/impressum/index.html]
[malermeister-wild.de/datenschutz/index.html]
[malermeister-wild.de/assets/css/assets/css3pie/1.0.0/PIE.html]
[malermeister-wild.de/assets/font/lato-v14-latin-regular.svg]
[malermeister-wild.de/assets/font/lato-v14-latin-italic.svg]
[malermeister-wild.de/assets/font/lato-v14-latin-700.svg]
[malermeister-wild.de/startseite/index.html]
[malermeister-wild.de/kundenmeinungen/index8816.html]
[malermeister-wild.de/assets/images/a/image006-870fab9a.jpg]
